[INFO] Scanning for projects...
[INFO] 
[INFO] ------------------------< com.smartcampus:hub >-------------------------
[INFO] Building Smart Campus Operations Hub 0.0.1-SNAPSHOT
[INFO]   from pom.xml
[INFO] --------------------------------[ jar ]---------------------------------
[INFO] 
[INFO] --- clean:3.3.2:clean (default-clean) @ hub ---
[INFO] Deleting C:\Users\MSI\Desktop\PAF Assignmrnt\backend\target
[INFO] 
[INFO] --- resources:3.3.1:resources (default-resources) @ hub ---
[INFO] Copying 1 resource from src\main\resources to target\classes
[INFO] Copying 0 resource from src\main\resources to target\classes
[INFO] 
[INFO] --- compiler:3.13.0:compile (default-compile) @ hub ---
[INFO] Recompiling the module because of changed source code.
[INFO] Compiling 68 source files with javac [debug parameters release 21] to target\classes
[INFO] /C:/Users/MSI/Desktop/PAF Assignmrnt/backend/src/main/java/com/smartcampus/hub/controller/AuthController.java: C:\Users\MSI\Desktop\PAF Assignmrnt\backend\src\main\java\com\smartcampus\hub\controller\AuthController.java uses unchecked or unsafe operations.
[INFO] /C:/Users/MSI/Desktop/PAF Assignmrnt/backend/src/main/java/com/smartcampus/hub/controller/AuthController.java: Recompile with -Xlint:unchecked for details.
[INFO] -------------------------------------------------------------
[ERROR] COMPILATION ERROR : 
[INFO] -------------------------------------------------------------
[ERROR] /C:/Users/MSI/Desktop/PAF Assignmrnt/backend/src/main/java/com/smartcampus/hub/service/impl/TicketServiceImpl.java:[183,13] cannot find symbol
  symbol:   variable isTechnicianCanSelfAssign
  location: class com.smartcampus.hub.service.impl.TicketServiceImpl
[INFO] 1 error
[INFO] -------------------------------------------------------------
[INFO] ------------------------------------------------------------------------
[INFO] BUILD FAILURE
[INFO] ------------------------------------------------------------------------
[INFO] Total time:  5.145 s
[INFO] Finished at: 2026-04-24T12:59:29+05:30
[INFO] ------------------------------------------------------------------------
[ERROR] Failed to execute goal org.apache.maven.plugins:maven-compiler-plugin:3.13.0:compile (default-compile) on project hub: Compilation failure
[ERROR] /C:/Users/MSI/Desktop/PAF Assignmrnt/backend/src/main/java/com/smartcampus/hub/service/impl/TicketServiceImpl.java:[183,13] cannot find symbol
[ERROR]   symbol:   variable isTechnicianCanSelfAssign
[ERROR]   location: class com.smartcampus.hub.service.impl.TicketServiceImpl
[ERROR] 
[ERROR] -> [Help 1]
[ERROR] 
[ERROR] To see the full stack trace of the errors, re-run Maven with the -e switch.
[ERROR] Re-run Maven using the -X switch to enable full debug logging.
[ERROR] 
[ERROR] For more information about the errors and possible solutions, please read the following articles:
[ERROR] [Help 1] http://cwiki.apache.org/confluence/display/MAVEN/MojoFailureException
